// Jest Snapshot v1, https://goo.gl/fbAQLP

exports[`Test Home Screen It should match initial snapshot 1`] = `ShallowWrapper {}`;
